// Jest Snapshot v1, https://goo.gl/fbAQLP

exports[`includes content of existing file with custom path: dump 1`] = `
"includedPNG: >-
  data:image/png;base64,iVBORw0KGgoAAAANSUhEUgAAACAAAAAgCAYAAABzenr0AAAAAXNSR0IArs4c6QAAAARnQU1BAACxjwv8YQUAAAAJcEhZcwAADsMAAA7DAcdvqGQAAAUISURBVFhHtVdpTJRXFEWWQELSIXW01EqpjdUibnQ6oqioaEAWadQAkgiYFpywjEJpgWLskjaoSaX1ByGElEJTFlFBC5RAWfwhaCFAC0kTsK02hCUwwshuoJ7ee4chpimxzAw3OZn3vffuPWfufe/73rMywXYSLhN+JUzNo5OQSdhFWDbbRKi3tbVFaGgosrOzcePGDQG3w8LCYGdnB5rTQHBnB0vaAYI+KCgILS0tqKj8EdEaLXbtPSSI1iRQXxVaW1sRHBzMIh4TDrKjJWwjYVyr1aK7pwe7vQ8yAdRuCpw+5gYNQe3mJH1eew+gu7sbZ8+e5ecJghvBbGsKCAhAD5ErXlwN1RsKdJa/B/ScB/78xABqd5VHQ73BCS84rZK5nC3ybTaEMN0OOzg4oK2tDR6qnfBYr8BcZxrw4FOg6yOg9QMDuE19f9OvikRs89iB9vZ2sC/FCDCEMs0KeXFdu14mKX7wQwzw+8f4q0KDHvrH+CVVcJ/aD6mPxx5WnJa5pdeuIzw8nNvFHMgUW0HozsnJQUh4FLy3rgT+oHQTyakjm7Ff5WIoA8FH/SoiA91ljOfs36bE8dAI5ObmsoD7BGsOuFRTEHS8zdy3eyItYruh3u0pGK5LwEBNHNCRIuA29/EYz0mP8sCmrWrZohRjhODEAZdqKwn6W7duwW2LGudOvWUQYKz5b+eAtg8N4LZxTdCc8++qsHGzCuxLMXhLruKASzUWMFpTUwP/I8fhp37JUIK2FEzeScRo4xkDKUF/+wym7iTJGAvw93SGX+BR1NbWsgA9QckBl2oigIN8k5fPgTBUFw/0f4FL2n2wtbXGurVOeJ1gR+0LCd4ypqtPkLl53xagqanJfAFcx4mJCax+2QW+O9bIdhu7+z6+/zwQaac8kRrlie8+C4C+iTJAY4dpzhqXdZienkZERIT5AkpKSsD2U10dBbNBsJcLhqkEeHQRGJkHtXVUgnd2u2CFjT1+ptd1TEyMZIJgnoCrV69KBvgf8XpwfuU12FLgowdckaH1wgXCMR9X6Vvruh53792DRqMR8sTERFhbW1tGQF9fHyYnJ9Hb24uLl76Eeuc+KJ1dBW97euNy5tfQ6/WIjo4W8jrKWENDg+Uy0N/fLyKGhoYkG9w3ODgoePLkiZTp5MmTQl5WVibP7EvPlhPwLAYGBoR8ZGQEU1NTch6g+aiursbs7Kz4lJaWLp8Azsbw8LCQnzhxQsj5sFJeXr78Ap4lDwkJEfKKigrExsZKu6ioSEqwLAL+i9xYc14bkZGR0ldZWYnGxkbLCliMnFNuXKAzMzMLIuLi4szehnpOIwt4HrlRoFFEVFSUzCGY/DHiz/GjwsJC2f/PI3+2RP8SYfLnWA4kGRkZePr0qZDzcZz6FiVn8PZkzM3NISsri+ebfCBhK+IDKQv4v+Sjo6MLLyf2JZ8SiWSi+SsUCvj6+go5fxkXSzuXiC01NRV+fn7o6OiAvb09+5l1KGXjozVu3rwpBEZy/uW34NjYmIAFJCUlidDMzEzjBeUeBzDX3qStNBEfH4/x8fGFLanT6VBfXy/HruLiYiiVSnC28vPzkZyczOSTBL7OWcT4mvXYx8cHzc3N8sJhS0tLw549e1BVVYX09HR5Dc+vlTHCIXa0pPGFs9HGxgb+/v7g3VFQUIC8vDxcuXJFTj+Ojo5MfpuwhR2Wy7wIXxH4Ss5X82lC13zfbsISzMrqH5aPFsMMryCrAAAAAElFTkSuQmCC
includedSVG: >-
  data:image/svg+xml;base64,PD94bWwgdmVyc2lvbj0iMS4wIiBlbmNvZGluZz0iaXNvLTg4NTktMSI/Pg0KPCEtLSBHZW5lcmF0b3I6IEFkb2JlIElsbHVzdHJhdG9yIDE5LjAuMCwgU1ZHIEV4cG9ydCBQbHVnLUluIC4gU1ZHIFZlcnNpb246IDYuMDAgQnVpbGQgMCkgIC0tPg0KPHN2ZyB2ZXJzaW9uPSIxLjEiIGlkPSJMYXllcl8xIiB4bWxucz0iaHR0cDovL3d3dy53My5vcmcvMjAwMC9zdmciIHhtbG5zOnhsaW5rPSJodHRwOi8vd3d3LnczLm9yZy8xOTk5L3hsaW5rIiB4PSIwcHgiIHk9IjBweCINCgkgdmlld0JveD0iMCAwIDUxMiA1MTIiIHN0eWxlPSJlbmFibGUtYmFja2dyb3VuZDpuZXcgMCAwIDUxMiA1MTI7IiB4bWw6c3BhY2U9InByZXNlcnZlIj4NCjxwYXRoIHN0eWxlPSJmaWxsOiNFNkU2RTY7IiBkPSJNMjU2LDUwMS44MDFMMjU2LDUwMS44MDFjLTc0LjA3MywwLTEzNC4xMjEtNjAuMDQ4LTEzNC4xMjEtMTM0LjEyMVYxNDQuMzINCgljMC03NC4wNzMsNjAuMDQ4LTEzNC4xMjEsMTM0LjEyMS0xMzQuMTIxbDAsMGM3NC4wNzMsMCwxMzQuMTIxLDYwLjA0OCwxMzQuMTIxLDEzNC4xMjFWMzY3LjY4DQoJQzM5MC4xMjEsNDQxLjc1MywzMzAuMDczLDUwMS44MDEsMjU2LDUwMS44MDF6Ii8+DQo8Y2lyY2xlIHN0eWxlPSJmaWxsOiNGRkNDNzU7IiBjeD0iMjU2IiBjeT0iMTQ0LjgyOSIgcj0iOTguOTMyIi8+DQo8cGF0aCBkPSJNMjU2LDBjLTc5LjU3OCwwLTE0NC4zMiw2NC43NDEtMTQ0LjMyLDE0NC4zMlYzNjcuNjhDMTExLjY4LDQ0Ny4yNTksMTc2LjQyMiw1MTIsMjU2LDUxMnMxNDQuMzItNjQuNzQxLDE0NC4zMi0xNDQuMzINCglWMTQ0LjMyQzQwMC4zMiw2NC43NDEsMzM1LjU3OCwwLDI1NiwweiBNMzE1LjMwMSwyODcuNjE4bDY0LjYyLTY0LjYydjEyOS4yNDFMMzE1LjMwMSwyODcuNjE4eiBNMTMyLjA3OSwxNDQuMzINCgljMC02OC4zMzEsNTUuNTkxLTEyMy45MjEsMTIzLjkyMS0xMjMuOTIxUzM3OS45MjEsNzUuOTg5LDM3OS45MjEsMTQ0LjMydjQ5LjgyOEwxNDcuMTY5LDQyNi45DQoJYy05LjYxOC0xNy42MDUtMTUuMDkxLTM3Ljc4NS0xNS4wOTEtNTkuMjJWMTQ0LjMyeiBNMjU2LDQ5MS42MDJjLTM5LjQ0MywwLTc0LjY0MS0xOC41MjUtOTcuMzUyLTQ3LjMzbDE0Mi4yMjktMTQyLjIyOQ0KCWw3OC4zOTIsNzguMzkyQzM3Mi44NjMsNDQyLjc5NSwzMjAuMDI0LDQ5MS42MDIsMjU2LDQ5MS42MDJ6Ii8+DQo8cGF0aCBkPSJNMjU2LDI1My45NmM2MC4xNzUsMCwxMDkuMTMxLTQ4Ljk1NiwxMDkuMTMxLTEwOS4xMzFTMzE2LjE3NSwzNS42OTcsMjU2LDM1LjY5N1MxNDYuODY5LDg0LjY1MywxNDYuODY5LDE0NC44MjkNCglTMTk1LjgyNSwyNTMuOTYsMjU2LDI1My45NnogTTI1Niw1Ni4wOTZjNDguOTI4LDAsODguNzMzLDM5LjgwNSw4OC43MzMsODguNzMzUzMwNC45MjgsMjMzLjU2MiwyNTYsMjMzLjU2Mg0KCXMtODguNzMzLTM5LjgwNS04OC43MzMtODguNzMzUzIwNy4wNzIsNTYuMDk2LDI1Niw1Ni4wOTZ6Ii8+DQo8cGF0aCBkPSJNMjI0Ljg5MiwxMzAuNTVjNi4xODYsMCwxMS4yMTktNS4wMzMsMTEuMjE5LTExLjIxOXMtNS4wMzMtMTEuMjE5LTExLjIxOS0xMS4yMTlzLTExLjIxOSw1LjAzMy0xMS4yMTksMTEuMjE5DQoJUzIxOC43MDcsMTMwLjU1LDIyNC44OTIsMTMwLjU1eiIvPg0KPHBhdGggZD0iTTI4Ny4xMDgsMTMwLjU1YzYuMTg2LDAsMTEuMjE5LTUuMDMzLDExLjIxOS0xMS4yMTlzLTUuMDMzLTExLjIxOS0xMS4yMTktMTEuMjE5cy0xMS4yMTksNS4wMzMtMTEuMjE5LDExLjIxOQ0KCVMyODAuOTIyLDEzMC41NSwyODcuMTA4LDEzMC41NXoiLz4NCjxwYXRoIGQ9Ik0yNjAuNjEsNDU4Ljg1NGMtMS41MywwLjA3Mi0zLjA4LDAuMTEtNC42MSwwLjExYy01LjYzMywwLTEwLjE5OSw0LjU2Ni0xMC4xOTksMTAuMTk5czQuNTY2LDEwLjE5OSwxMC4xOTksMTAuMTk5DQoJYzEuODU0LDAsMy43MzUtMC4wNDUsNS41ODktMC4xMzVjNS42MjYtMC4yNyw5Ljk2OC01LjA1MSw5LjY5Ny0xMC42NzdDMjcxLjAxNyw0NjIuOTI2LDI2Ni4yNDksNDU4LjU4MSwyNjAuNjEsNDU4Ljg1NHoiLz4NCjxwYXRoIGQ9Ik0zNDUuNzQsNDE5LjA1OGMtNC41MTItMy4zNzItMTAuOTAzLTIuNDQ5LTE0LjI3NiwyLjA2M2MtMTEuNDY5LDE1LjM0NC0yNy4wNjMsMjYuNjk5LTQ1LjA5NiwzMi44NDENCgljLTUuMzMyLDEuODE2LTguMTgzLDcuNjExLTYuMzY3LDEyLjk0M2MxLjQ0NSw0LjI0Myw1LjQwOSw2LjkxNCw5LjY1NCw2LjkxNGMxLjA5LDAsMi4xOTktMC4xNzYsMy4yODktMC41NDgNCgljMjEuOTQ2LTcuNDc0LDQwLjkxNi0yMS4yODUsNTQuODU4LTM5LjkzOUMzNTEuMTc2LDQyOC44MiwzNTAuMjUyLDQyMi40MywzNDUuNzQsNDE5LjA1OHoiLz4NCjxwYXRoIGQ9Ik0yMTUuMzU2LDE4MS45MDhjLTEuNjg0LDUuMzc2LDEuMzA5LDExLjA5OCw2LjY4NSwxMi43ODJjMTEuMTU1LDMuNDk0LDIyLjY0OSw1LjI0MSwzNC4xNiw1LjI0MQ0KCWMxMS4zMTksMCwyMi42NTUtMS42OSwzMy42OTYtNS4wN2M1LjM4Ni0xLjY0OSw4LjQxNS03LjM1Myw2Ljc2Ni0xMi43MzljLTEuNjQ5LTUuMzg2LTcuMzUyLTguNDEzLTEyLjczOS02Ljc2Ng0KCWMtMTguMzE2LDUuNjA5LTM3LjYwNyw1LjU2My01NS43ODctMC4xMzJDMjIyLjc2MywxNzMuNTQxLDIxNy4wNCwxNzYuNTMzLDIxNS4zNTYsMTgxLjkwOHoiLz4NCjxnPg0KPC9nPg0KPGc+DQo8L2c+DQo8Zz4NCjwvZz4NCjxnPg0KPC9nPg0KPGc+DQo8L2c+DQo8Zz4NCjwvZz4NCjxnPg0KPC9nPg0KPGc+DQo8L2c+DQo8Zz4NCjwvZz4NCjxnPg0KPC9nPg0KPGc+DQo8L2c+DQo8Zz4NCjwvZz4NCjxnPg0KPC9nPg0KPGc+DQo8L2c+DQo8Zz4NCjwvZz4NCjwvc3ZnPg0K
"
`;

exports[`includes content of existing file with custom path: load 1`] = `
Object {
  "includedPNG": "data:image/png;base64,iVBORw0KGgoAAAANSUhEUgAAACAAAAAgCAYAAABzenr0AAAAAXNSR0IArs4c6QAAAARnQU1BAACxjwv8YQUAAAAJcEhZcwAADsMAAA7DAcdvqGQAAAUISURBVFhHtVdpTJRXFEWWQELSIXW01EqpjdUibnQ6oqioaEAWadQAkgiYFpywjEJpgWLskjaoSaX1ByGElEJTFlFBC5RAWfwhaCFAC0kTsK02hCUwwshuoJ7ee4chpimxzAw3OZn3vffuPWfufe/73rMywXYSLhN+JUzNo5OQSdhFWDbbRKi3tbVFaGgosrOzcePGDQG3w8LCYGdnB5rTQHBnB0vaAYI+KCgILS0tqKj8EdEaLXbtPSSI1iRQXxVaW1sRHBzMIh4TDrKjJWwjYVyr1aK7pwe7vQ8yAdRuCpw+5gYNQe3mJH1eew+gu7sbZ8+e5ecJghvBbGsKCAhAD5ErXlwN1RsKdJa/B/ScB/78xABqd5VHQ73BCS84rZK5nC3ybTaEMN0OOzg4oK2tDR6qnfBYr8BcZxrw4FOg6yOg9QMDuE19f9OvikRs89iB9vZ2sC/FCDCEMs0KeXFdu14mKX7wQwzw+8f4q0KDHvrH+CVVcJ/aD6mPxx5WnJa5pdeuIzw8nNvFHMgUW0HozsnJQUh4FLy3rgT+oHQTyakjm7Ff5WIoA8FH/SoiA91ljOfs36bE8dAI5ObmsoD7BGsOuFRTEHS8zdy3eyItYruh3u0pGK5LwEBNHNCRIuA29/EYz0mP8sCmrWrZohRjhODEAZdqKwn6W7duwW2LGudOvWUQYKz5b+eAtg8N4LZxTdCc8++qsHGzCuxLMXhLruKASzUWMFpTUwP/I8fhp37JUIK2FEzeScRo4xkDKUF/+wym7iTJGAvw93SGX+BR1NbWsgA9QckBl2oigIN8k5fPgTBUFw/0f4FL2n2wtbXGurVOeJ1gR+0LCd4ypqtPkLl53xagqanJfAFcx4mJCax+2QW+O9bIdhu7+z6+/zwQaac8kRrlie8+C4C+iTJAY4dpzhqXdZienkZERIT5AkpKSsD2U10dBbNBsJcLhqkEeHQRGJkHtXVUgnd2u2CFjT1+ptd1TEyMZIJgnoCrV69KBvgf8XpwfuU12FLgowdckaH1wgXCMR9X6Vvruh53792DRqMR8sTERFhbW1tGQF9fHyYnJ9Hb24uLl76Eeuc+KJ1dBW97euNy5tfQ6/WIjo4W8jrKWENDg+Uy0N/fLyKGhoYkG9w3ODgoePLkiZTp5MmTQl5WVibP7EvPlhPwLAYGBoR8ZGQEU1NTch6g+aiursbs7Kz4lJaWLp8Azsbw8LCQnzhxQsj5sFJeXr78Ap4lDwkJEfKKigrExsZKu6ioSEqwLAL+i9xYc14bkZGR0ldZWYnGxkbLCliMnFNuXKAzMzMLIuLi4szehnpOIwt4HrlRoFFEVFSUzCGY/DHiz/GjwsJC2f/PI3+2RP8SYfLnWA4kGRkZePr0qZDzcZz6FiVn8PZkzM3NISsri+ebfCBhK+IDKQv4v+Sjo6MLLyf2JZ8SiWSi+SsUCvj6+go5fxkXSzuXiC01NRV+fn7o6OiAvb09+5l1KGXjozVu3rwpBEZy/uW34NjYmIAFJCUlidDMzEzjBeUeBzDX3qStNBEfH4/x8fGFLanT6VBfXy/HruLiYiiVSnC28vPzkZyczOSTBL7OWcT4mvXYx8cHzc3N8sJhS0tLw549e1BVVYX09HR5Dc+vlTHCIXa0pPGFs9HGxgb+/v7g3VFQUIC8vDxcuXJFTj+Ojo5MfpuwhR2Wy7wIXxH4Ss5X82lC13zfbsISzMrqH5aPFsMMryCrAAAAAElFTkSuQmCC",
  "includedSVG": "data:image/svg+xml;base64,PD94bWwgdmVyc2lvbj0iMS4wIiBlbmNvZGluZz0iaXNvLTg4NTktMSI/Pg0KPCEtLSBHZW5lcmF0b3I6IEFkb2JlIElsbHVzdHJhdG9yIDE5LjAuMCwgU1ZHIEV4cG9ydCBQbHVnLUluIC4gU1ZHIFZlcnNpb246IDYuMDAgQnVpbGQgMCkgIC0tPg0KPHN2ZyB2ZXJzaW9uPSIxLjEiIGlkPSJMYXllcl8xIiB4bWxucz0iaHR0cDovL3d3dy53My5vcmcvMjAwMC9zdmciIHhtbG5zOnhsaW5rPSJodHRwOi8vd3d3LnczLm9yZy8xOTk5L3hsaW5rIiB4PSIwcHgiIHk9IjBweCINCgkgdmlld0JveD0iMCAwIDUxMiA1MTIiIHN0eWxlPSJlbmFibGUtYmFja2dyb3VuZDpuZXcgMCAwIDUxMiA1MTI7IiB4bWw6c3BhY2U9InByZXNlcnZlIj4NCjxwYXRoIHN0eWxlPSJmaWxsOiNFNkU2RTY7IiBkPSJNMjU2LDUwMS44MDFMMjU2LDUwMS44MDFjLTc0LjA3MywwLTEzNC4xMjEtNjAuMDQ4LTEzNC4xMjEtMTM0LjEyMVYxNDQuMzINCgljMC03NC4wNzMsNjAuMDQ4LTEzNC4xMjEsMTM0LjEyMS0xMzQuMTIxbDAsMGM3NC4wNzMsMCwxMzQuMTIxLDYwLjA0OCwxMzQuMTIxLDEzNC4xMjFWMzY3LjY4DQoJQzM5MC4xMjEsNDQxLjc1MywzMzAuMDczLDUwMS44MDEsMjU2LDUwMS44MDF6Ii8+DQo8Y2lyY2xlIHN0eWxlPSJmaWxsOiNGRkNDNzU7IiBjeD0iMjU2IiBjeT0iMTQ0LjgyOSIgcj0iOTguOTMyIi8+DQo8cGF0aCBkPSJNMjU2LDBjLTc5LjU3OCwwLTE0NC4zMiw2NC43NDEtMTQ0LjMyLDE0NC4zMlYzNjcuNjhDMTExLjY4LDQ0Ny4yNTksMTc2LjQyMiw1MTIsMjU2LDUxMnMxNDQuMzItNjQuNzQxLDE0NC4zMi0xNDQuMzINCglWMTQ0LjMyQzQwMC4zMiw2NC43NDEsMzM1LjU3OCwwLDI1NiwweiBNMzE1LjMwMSwyODcuNjE4bDY0LjYyLTY0LjYydjEyOS4yNDFMMzE1LjMwMSwyODcuNjE4eiBNMTMyLjA3OSwxNDQuMzINCgljMC02OC4zMzEsNTUuNTkxLTEyMy45MjEsMTIzLjkyMS0xMjMuOTIxUzM3OS45MjEsNzUuOTg5LDM3OS45MjEsMTQ0LjMydjQ5LjgyOEwxNDcuMTY5LDQyNi45DQoJYy05LjYxOC0xNy42MDUtMTUuMDkxLTM3Ljc4NS0xNS4wOTEtNTkuMjJWMTQ0LjMyeiBNMjU2LDQ5MS42MDJjLTM5LjQ0MywwLTc0LjY0MS0xOC41MjUtOTcuMzUyLTQ3LjMzbDE0Mi4yMjktMTQyLjIyOQ0KCWw3OC4zOTIsNzguMzkyQzM3Mi44NjMsNDQyLjc5NSwzMjAuMDI0LDQ5MS42MDIsMjU2LDQ5MS42MDJ6Ii8+DQo8cGF0aCBkPSJNMjU2LDI1My45NmM2MC4xNzUsMCwxMDkuMTMxLTQ4Ljk1NiwxMDkuMTMxLTEwOS4xMzFTMzE2LjE3NSwzNS42OTcsMjU2LDM1LjY5N1MxNDYuODY5LDg0LjY1MywxNDYuODY5LDE0NC44MjkNCglTMTk1LjgyNSwyNTMuOTYsMjU2LDI1My45NnogTTI1Niw1Ni4wOTZjNDguOTI4LDAsODguNzMzLDM5LjgwNSw4OC43MzMsODguNzMzUzMwNC45MjgsMjMzLjU2MiwyNTYsMjMzLjU2Mg0KCXMtODguNzMzLTM5LjgwNS04OC43MzMtODguNzMzUzIwNy4wNzIsNTYuMDk2LDI1Niw1Ni4wOTZ6Ii8+DQo8cGF0aCBkPSJNMjI0Ljg5MiwxMzAuNTVjNi4xODYsMCwxMS4yMTktNS4wMzMsMTEuMjE5LTExLjIxOXMtNS4wMzMtMTEuMjE5LTExLjIxOS0xMS4yMTlzLTExLjIxOSw1LjAzMy0xMS4yMTksMTEuMjE5DQoJUzIxOC43MDcsMTMwLjU1LDIyNC44OTIsMTMwLjU1eiIvPg0KPHBhdGggZD0iTTI4Ny4xMDgsMTMwLjU1YzYuMTg2LDAsMTEuMjE5LTUuMDMzLDExLjIxOS0xMS4yMTlzLTUuMDMzLTExLjIxOS0xMS4yMTktMTEuMjE5cy0xMS4yMTksNS4wMzMtMTEuMjE5LDExLjIxOQ0KCVMyODAuOTIyLDEzMC41NSwyODcuMTA4LDEzMC41NXoiLz4NCjxwYXRoIGQ9Ik0yNjAuNjEsNDU4Ljg1NGMtMS41MywwLjA3Mi0zLjA4LDAuMTEtNC42MSwwLjExYy01LjYzMywwLTEwLjE5OSw0LjU2Ni0xMC4xOTksMTAuMTk5czQuNTY2LDEwLjE5OSwxMC4xOTksMTAuMTk5DQoJYzEuODU0LDAsMy43MzUtMC4wNDUsNS41ODktMC4xMzVjNS42MjYtMC4yNyw5Ljk2OC01LjA1MSw5LjY5Ny0xMC42NzdDMjcxLjAxNyw0NjIuOTI2LDI2Ni4yNDksNDU4LjU4MSwyNjAuNjEsNDU4Ljg1NHoiLz4NCjxwYXRoIGQ9Ik0zNDUuNzQsNDE5LjA1OGMtNC41MTItMy4zNzItMTAuOTAzLTIuNDQ5LTE0LjI3NiwyLjA2M2MtMTEuNDY5LDE1LjM0NC0yNy4wNjMsMjYuNjk5LTQ1LjA5NiwzMi44NDENCgljLTUuMzMyLDEuODE2LTguMTgzLDcuNjExLTYuMzY3LDEyLjk0M2MxLjQ0NSw0LjI0Myw1LjQwOSw2LjkxNCw5LjY1NCw2LjkxNGMxLjA5LDAsMi4xOTktMC4xNzYsMy4yODktMC41NDgNCgljMjEuOTQ2LTcuNDc0LDQwLjkxNi0yMS4yODUsNTQuODU4LTM5LjkzOUMzNTEuMTc2LDQyOC44MiwzNTAuMjUyLDQyMi40MywzNDUuNzQsNDE5LjA1OHoiLz4NCjxwYXRoIGQ9Ik0yMTUuMzU2LDE4MS45MDhjLTEuNjg0LDUuMzc2LDEuMzA5LDExLjA5OCw2LjY4NSwxMi43ODJjMTEuMTU1LDMuNDk0LDIyLjY0OSw1LjI0MSwzNC4xNiw1LjI0MQ0KCWMxMS4zMTksMCwyMi42NTUtMS42OSwzMy42OTYtNS4wN2M1LjM4Ni0xLjY0OSw4LjQxNS03LjM1Myw2Ljc2Ni0xMi43MzljLTEuNjQ5LTUuMzg2LTcuMzUyLTguNDEzLTEyLjczOS02Ljc2Ng0KCWMtMTguMzE2LDUuNjA5LTM3LjYwNyw1LjU2My01NS43ODctMC4xMzJDMjIyLjc2MywxNzMuNTQxLDIxNy4wNCwxNzYuNTMzLDIxNS4zNTYsMTgxLjkwOHoiLz4NCjxnPg0KPC9nPg0KPGc+DQo8L2c+DQo8Zz4NCjwvZz4NCjxnPg0KPC9nPg0KPGc+DQo8L2c+DQo8Zz4NCjwvZz4NCjxnPg0KPC9nPg0KPGc+DQo8L2c+DQo8Zz4NCjwvZz4NCjxnPg0KPC9nPg0KPGc+DQo8L2c+DQo8Zz4NCjwvZz4NCjxnPg0KPC9nPg0KPGc+DQo8L2c+DQo8Zz4NCjwvZz4NCjwvc3ZnPg0K",
}
`;

exports[`includes content of existing file: dump 1`] = `
"includedPNG: >-
  data:image/png;base64,iVBORw0KGgoAAAANSUhEUgAAACAAAAAgCAYAAABzenr0AAAAAXNSR0IArs4c6QAAAARnQU1BAACxjwv8YQUAAAAJcEhZcwAADsMAAA7DAcdvqGQAAAUISURBVFhHtVdpTJRXFEWWQELSIXW01EqpjdUibnQ6oqioaEAWadQAkgiYFpywjEJpgWLskjaoSaX1ByGElEJTFlFBC5RAWfwhaCFAC0kTsK02hCUwwshuoJ7ee4chpimxzAw3OZn3vffuPWfufe/73rMywXYSLhN+JUzNo5OQSdhFWDbbRKi3tbVFaGgosrOzcePGDQG3w8LCYGdnB5rTQHBnB0vaAYI+KCgILS0tqKj8EdEaLXbtPSSI1iRQXxVaW1sRHBzMIh4TDrKjJWwjYVyr1aK7pwe7vQ8yAdRuCpw+5gYNQe3mJH1eew+gu7sbZ8+e5ecJghvBbGsKCAhAD5ErXlwN1RsKdJa/B/ScB/78xABqd5VHQ73BCS84rZK5nC3ybTaEMN0OOzg4oK2tDR6qnfBYr8BcZxrw4FOg6yOg9QMDuE19f9OvikRs89iB9vZ2sC/FCDCEMs0KeXFdu14mKX7wQwzw+8f4q0KDHvrH+CVVcJ/aD6mPxx5WnJa5pdeuIzw8nNvFHMgUW0HozsnJQUh4FLy3rgT+oHQTyakjm7Ff5WIoA8FH/SoiA91ljOfs36bE8dAI5ObmsoD7BGsOuFRTEHS8zdy3eyItYruh3u0pGK5LwEBNHNCRIuA29/EYz0mP8sCmrWrZohRjhODEAZdqKwn6W7duwW2LGudOvWUQYKz5b+eAtg8N4LZxTdCc8++qsHGzCuxLMXhLruKASzUWMFpTUwP/I8fhp37JUIK2FEzeScRo4xkDKUF/+wym7iTJGAvw93SGX+BR1NbWsgA9QckBl2oigIN8k5fPgTBUFw/0f4FL2n2wtbXGurVOeJ1gR+0LCd4ypqtPkLl53xagqanJfAFcx4mJCax+2QW+O9bIdhu7+z6+/zwQaac8kRrlie8+C4C+iTJAY4dpzhqXdZienkZERIT5AkpKSsD2U10dBbNBsJcLhqkEeHQRGJkHtXVUgnd2u2CFjT1+ptd1TEyMZIJgnoCrV69KBvgf8XpwfuU12FLgowdckaH1wgXCMR9X6Vvruh53792DRqMR8sTERFhbW1tGQF9fHyYnJ9Hb24uLl76Eeuc+KJ1dBW97euNy5tfQ6/WIjo4W8jrKWENDg+Uy0N/fLyKGhoYkG9w3ODgoePLkiZTp5MmTQl5WVibP7EvPlhPwLAYGBoR8ZGQEU1NTch6g+aiursbs7Kz4lJaWLp8Azsbw8LCQnzhxQsj5sFJeXr78Ap4lDwkJEfKKigrExsZKu6ioSEqwLAL+i9xYc14bkZGR0ldZWYnGxkbLCliMnFNuXKAzMzMLIuLi4szehnpOIwt4HrlRoFFEVFSUzCGY/DHiz/GjwsJC2f/PI3+2RP8SYfLnWA4kGRkZePr0qZDzcZz6FiVn8PZkzM3NISsri+ebfCBhK+IDKQv4v+Sjo6MLLyf2JZ8SiWSi+SsUCvj6+go5fxkXSzuXiC01NRV+fn7o6OiAvb09+5l1KGXjozVu3rwpBEZy/uW34NjYmIAFJCUlidDMzEzjBeUeBzDX3qStNBEfH4/x8fGFLanT6VBfXy/HruLiYiiVSnC28vPzkZyczOSTBL7OWcT4mvXYx8cHzc3N8sJhS0tLw549e1BVVYX09HR5Dc+vlTHCIXa0pPGFs9HGxgb+/v7g3VFQUIC8vDxcuXJFTj+Ojo5MfpuwhR2Wy7wIXxH4Ss5X82lC13zfbsISzMrqH5aPFsMMryCrAAAAAElFTkSuQmCC
includedSVG: >-
  data:image/svg+xml;base64,PD94bWwgdmVyc2lvbj0iMS4wIiBlbmNvZGluZz0iaXNvLTg4NTktMSI/Pg0KPCEtLSBHZW5lcmF0b3I6IEFkb2JlIElsbHVzdHJhdG9yIDE5LjAuMCwgU1ZHIEV4cG9ydCBQbHVnLUluIC4gU1ZHIFZlcnNpb246IDYuMDAgQnVpbGQgMCkgIC0tPg0KPHN2ZyB2ZXJzaW9uPSIxLjEiIGlkPSJMYXllcl8xIiB4bWxucz0iaHR0cDovL3d3dy53My5vcmcvMjAwMC9zdmciIHhtbG5zOnhsaW5rPSJodHRwOi8vd3d3LnczLm9yZy8xOTk5L3hsaW5rIiB4PSIwcHgiIHk9IjBweCINCgkgdmlld0JveD0iMCAwIDUxMiA1MTIiIHN0eWxlPSJlbmFibGUtYmFja2dyb3VuZDpuZXcgMCAwIDUxMiA1MTI7IiB4bWw6c3BhY2U9InByZXNlcnZlIj4NCjxwYXRoIHN0eWxlPSJmaWxsOiNFNkU2RTY7IiBkPSJNMjU2LDUwMS44MDFMMjU2LDUwMS44MDFjLTc0LjA3MywwLTEzNC4xMjEtNjAuMDQ4LTEzNC4xMjEtMTM0LjEyMVYxNDQuMzINCgljMC03NC4wNzMsNjAuMDQ4LTEzNC4xMjEsMTM0LjEyMS0xMzQuMTIxbDAsMGM3NC4wNzMsMCwxMzQuMTIxLDYwLjA0OCwxMzQuMTIxLDEzNC4xMjFWMzY3LjY4DQoJQzM5MC4xMjEsNDQxLjc1MywzMzAuMDczLDUwMS44MDEsMjU2LDUwMS44MDF6Ii8+DQo8Y2lyY2xlIHN0eWxlPSJmaWxsOiNGRkNDNzU7IiBjeD0iMjU2IiBjeT0iMTQ0LjgyOSIgcj0iOTguOTMyIi8+DQo8cGF0aCBkPSJNMjU2LDBjLTc5LjU3OCwwLTE0NC4zMiw2NC43NDEtMTQ0LjMyLDE0NC4zMlYzNjcuNjhDMTExLjY4LDQ0Ny4yNTksMTc2LjQyMiw1MTIsMjU2LDUxMnMxNDQuMzItNjQuNzQxLDE0NC4zMi0xNDQuMzINCglWMTQ0LjMyQzQwMC4zMiw2NC43NDEsMzM1LjU3OCwwLDI1NiwweiBNMzE1LjMwMSwyODcuNjE4bDY0LjYyLTY0LjYydjEyOS4yNDFMMzE1LjMwMSwyODcuNjE4eiBNMTMyLjA3OSwxNDQuMzINCgljMC02OC4zMzEsNTUuNTkxLTEyMy45MjEsMTIzLjkyMS0xMjMuOTIxUzM3OS45MjEsNzUuOTg5LDM3OS45MjEsMTQ0LjMydjQ5LjgyOEwxNDcuMTY5LDQyNi45DQoJYy05LjYxOC0xNy42MDUtMTUuMDkxLTM3Ljc4NS0xNS4wOTEtNTkuMjJWMTQ0LjMyeiBNMjU2LDQ5MS42MDJjLTM5LjQ0MywwLTc0LjY0MS0xOC41MjUtOTcuMzUyLTQ3LjMzbDE0Mi4yMjktMTQyLjIyOQ0KCWw3OC4zOTIsNzguMzkyQzM3Mi44NjMsNDQyLjc5NSwzMjAuMDI0LDQ5MS42MDIsMjU2LDQ5MS42MDJ6Ii8+DQo8cGF0aCBkPSJNMjU2LDI1My45NmM2MC4xNzUsMCwxMDkuMTMxLTQ4Ljk1NiwxMDkuMTMxLTEwOS4xMzFTMzE2LjE3NSwzNS42OTcsMjU2LDM1LjY5N1MxNDYuODY5LDg0LjY1MywxNDYuODY5LDE0NC44MjkNCglTMTk1LjgyNSwyNTMuOTYsMjU2LDI1My45NnogTTI1Niw1Ni4wOTZjNDguOTI4LDAsODguNzMzLDM5LjgwNSw4OC43MzMsODguNzMzUzMwNC45MjgsMjMzLjU2MiwyNTYsMjMzLjU2Mg0KCXMtODguNzMzLTM5LjgwNS04OC43MzMtODguNzMzUzIwNy4wNzIsNTYuMDk2LDI1Niw1Ni4wOTZ6Ii8+DQo8cGF0aCBkPSJNMjI0Ljg5MiwxMzAuNTVjNi4xODYsMCwxMS4yMTktNS4wMzMsMTEuMjE5LTExLjIxOXMtNS4wMzMtMTEuMjE5LTExLjIxOS0xMS4yMTlzLTExLjIxOSw1LjAzMy0xMS4yMTksMTEuMjE5DQoJUzIxOC43MDcsMTMwLjU1LDIyNC44OTIsMTMwLjU1eiIvPg0KPHBhdGggZD0iTTI4Ny4xMDgsMTMwLjU1YzYuMTg2LDAsMTEuMjE5LTUuMDMzLDExLjIxOS0xMS4yMTlzLTUuMDMzLTExLjIxOS0xMS4yMTktMTEuMjE5cy0xMS4yMTksNS4wMzMtMTEuMjE5LDExLjIxOQ0KCVMyODAuOTIyLDEzMC41NSwyODcuMTA4LDEzMC41NXoiLz4NCjxwYXRoIGQ9Ik0yNjAuNjEsNDU4Ljg1NGMtMS41MywwLjA3Mi0zLjA4LDAuMTEtNC42MSwwLjExYy01LjYzMywwLTEwLjE5OSw0LjU2Ni0xMC4xOTksMTAuMTk5czQuNTY2LDEwLjE5OSwxMC4xOTksMTAuMTk5DQoJYzEuODU0LDAsMy43MzUtMC4wNDUsNS41ODktMC4xMzVjNS42MjYtMC4yNyw5Ljk2OC01LjA1MSw5LjY5Ny0xMC42NzdDMjcxLjAxNyw0NjIuOTI2LDI2Ni4yNDksNDU4LjU4MSwyNjAuNjEsNDU4Ljg1NHoiLz4NCjxwYXRoIGQ9Ik0zNDUuNzQsNDE5LjA1OGMtNC41MTItMy4zNzItMTAuOTAzLTIuNDQ5LTE0LjI3NiwyLjA2M2MtMTEuNDY5LDE1LjM0NC0yNy4wNjMsMjYuNjk5LTQ1LjA5NiwzMi44NDENCgljLTUuMzMyLDEuODE2LTguMTgzLDcuNjExLTYuMzY3LDEyLjk0M2MxLjQ0NSw0LjI0Myw1LjQwOSw2LjkxNCw5LjY1NCw2LjkxNGMxLjA5LDAsMi4xOTktMC4xNzYsMy4yODktMC41NDgNCgljMjEuOTQ2LTcuNDc0LDQwLjkxNi0yMS4yODUsNTQuODU4LTM5LjkzOUMzNTEuMTc2LDQyOC44MiwzNTAuMjUyLDQyMi40MywzNDUuNzQsNDE5LjA1OHoiLz4NCjxwYXRoIGQ9Ik0yMTUuMzU2LDE4MS45MDhjLTEuNjg0LDUuMzc2LDEuMzA5LDExLjA5OCw2LjY4NSwxMi43ODJjMTEuMTU1LDMuNDk0LDIyLjY0OSw1LjI0MSwzNC4xNiw1LjI0MQ0KCWMxMS4zMTksMCwyMi42NTUtMS42OSwzMy42OTYtNS4wN2M1LjM4Ni0xLjY0OSw4LjQxNS03LjM1Myw2Ljc2Ni0xMi43MzljLTEuNjQ5LTUuMzg2LTcuMzUyLTguNDEzLTEyLjczOS02Ljc2Ng0KCWMtMTguMzE2LDUuNjA5LTM3LjYwNyw1LjU2My01NS43ODctMC4xMzJDMjIyLjc2MywxNzMuNTQxLDIxNy4wNCwxNzYuNTMzLDIxNS4zNTYsMTgxLjkwOHoiLz4NCjxnPg0KPC9nPg0KPGc+DQo8L2c+DQo8Zz4NCjwvZz4NCjxnPg0KPC9nPg0KPGc+DQo8L2c+DQo8Zz4NCjwvZz4NCjxnPg0KPC9nPg0KPGc+DQo8L2c+DQo8Zz4NCjwvZz4NCjxnPg0KPC9nPg0KPGc+DQo8L2c+DQo8Zz4NCjwvZz4NCjxnPg0KPC9nPg0KPGc+DQo8L2c+DQo8Zz4NCjwvZz4NCjwvc3ZnPg0K
"
`;

exports[`includes content of existing file: load 1`] = `
Object {
  "includedPNG": "data:image/png;base64,iVBORw0KGgoAAAANSUhEUgAAACAAAAAgCAYAAABzenr0AAAAAXNSR0IArs4c6QAAAARnQU1BAACxjwv8YQUAAAAJcEhZcwAADsMAAA7DAcdvqGQAAAUISURBVFhHtVdpTJRXFEWWQELSIXW01EqpjdUibnQ6oqioaEAWadQAkgiYFpywjEJpgWLskjaoSaX1ByGElEJTFlFBC5RAWfwhaCFAC0kTsK02hCUwwshuoJ7ee4chpimxzAw3OZn3vffuPWfufe/73rMywXYSLhN+JUzNo5OQSdhFWDbbRKi3tbVFaGgosrOzcePGDQG3w8LCYGdnB5rTQHBnB0vaAYI+KCgILS0tqKj8EdEaLXbtPSSI1iRQXxVaW1sRHBzMIh4TDrKjJWwjYVyr1aK7pwe7vQ8yAdRuCpw+5gYNQe3mJH1eew+gu7sbZ8+e5ecJghvBbGsKCAhAD5ErXlwN1RsKdJa/B/ScB/78xABqd5VHQ73BCS84rZK5nC3ybTaEMN0OOzg4oK2tDR6qnfBYr8BcZxrw4FOg6yOg9QMDuE19f9OvikRs89iB9vZ2sC/FCDCEMs0KeXFdu14mKX7wQwzw+8f4q0KDHvrH+CVVcJ/aD6mPxx5WnJa5pdeuIzw8nNvFHMgUW0HozsnJQUh4FLy3rgT+oHQTyakjm7Ff5WIoA8FH/SoiA91ljOfs36bE8dAI5ObmsoD7BGsOuFRTEHS8zdy3eyItYruh3u0pGK5LwEBNHNCRIuA29/EYz0mP8sCmrWrZohRjhODEAZdqKwn6W7duwW2LGudOvWUQYKz5b+eAtg8N4LZxTdCc8++qsHGzCuxLMXhLruKASzUWMFpTUwP/I8fhp37JUIK2FEzeScRo4xkDKUF/+wym7iTJGAvw93SGX+BR1NbWsgA9QckBl2oigIN8k5fPgTBUFw/0f4FL2n2wtbXGurVOeJ1gR+0LCd4ypqtPkLl53xagqanJfAFcx4mJCax+2QW+O9bIdhu7+z6+/zwQaac8kRrlie8+C4C+iTJAY4dpzhqXdZienkZERIT5AkpKSsD2U10dBbNBsJcLhqkEeHQRGJkHtXVUgnd2u2CFjT1+ptd1TEyMZIJgnoCrV69KBvgf8XpwfuU12FLgowdckaH1wgXCMR9X6Vvruh53792DRqMR8sTERFhbW1tGQF9fHyYnJ9Hb24uLl76Eeuc+KJ1dBW97euNy5tfQ6/WIjo4W8jrKWENDg+Uy0N/fLyKGhoYkG9w3ODgoePLkiZTp5MmTQl5WVibP7EvPlhPwLAYGBoR8ZGQEU1NTch6g+aiursbs7Kz4lJaWLp8Azsbw8LCQnzhxQsj5sFJeXr78Ap4lDwkJEfKKigrExsZKu6ioSEqwLAL+i9xYc14bkZGR0ldZWYnGxkbLCliMnFNuXKAzMzMLIuLi4szehnpOIwt4HrlRoFFEVFSUzCGY/DHiz/GjwsJC2f/PI3+2RP8SYfLnWA4kGRkZePr0qZDzcZz6FiVn8PZkzM3NISsri+ebfCBhK+IDKQv4v+Sjo6MLLyf2JZ8SiWSi+SsUCvj6+go5fxkXSzuXiC01NRV+fn7o6OiAvb09+5l1KGXjozVu3rwpBEZy/uW34NjYmIAFJCUlidDMzEzjBeUeBzDX3qStNBEfH4/x8fGFLanT6VBfXy/HruLiYiiVSnC28vPzkZyczOSTBL7OWcT4mvXYx8cHzc3N8sJhS0tLw549e1BVVYX09HR5Dc+vlTHCIXa0pPGFs9HGxgb+/v7g3VFQUIC8vDxcuXJFTj+Ojo5MfpuwhR2Wy7wIXxH4Ss5X82lC13zfbsISzMrqH5aPFsMMryCrAAAAAElFTkSuQmCC",
  "includedSVG": "data:image/svg+xml;base64,PD94bWwgdmVyc2lvbj0iMS4wIiBlbmNvZGluZz0iaXNvLTg4NTktMSI/Pg0KPCEtLSBHZW5lcmF0b3I6IEFkb2JlIElsbHVzdHJhdG9yIDE5LjAuMCwgU1ZHIEV4cG9ydCBQbHVnLUluIC4gU1ZHIFZlcnNpb246IDYuMDAgQnVpbGQgMCkgIC0tPg0KPHN2ZyB2ZXJzaW9uPSIxLjEiIGlkPSJMYXllcl8xIiB4bWxucz0iaHR0cDovL3d3dy53My5vcmcvMjAwMC9zdmciIHhtbG5zOnhsaW5rPSJodHRwOi8vd3d3LnczLm9yZy8xOTk5L3hsaW5rIiB4PSIwcHgiIHk9IjBweCINCgkgdmlld0JveD0iMCAwIDUxMiA1MTIiIHN0eWxlPSJlbmFibGUtYmFja2dyb3VuZDpuZXcgMCAwIDUxMiA1MTI7IiB4bWw6c3BhY2U9InByZXNlcnZlIj4NCjxwYXRoIHN0eWxlPSJmaWxsOiNFNkU2RTY7IiBkPSJNMjU2LDUwMS44MDFMMjU2LDUwMS44MDFjLTc0LjA3MywwLTEzNC4xMjEtNjAuMDQ4LTEzNC4xMjEtMTM0LjEyMVYxNDQuMzINCgljMC03NC4wNzMsNjAuMDQ4LTEzNC4xMjEsMTM0LjEyMS0xMzQuMTIxbDAsMGM3NC4wNzMsMCwxMzQuMTIxLDYwLjA0OCwxMzQuMTIxLDEzNC4xMjFWMzY3LjY4DQoJQzM5MC4xMjEsNDQxLjc1MywzMzAuMDczLDUwMS44MDEsMjU2LDUwMS44MDF6Ii8+DQo8Y2lyY2xlIHN0eWxlPSJmaWxsOiNGRkNDNzU7IiBjeD0iMjU2IiBjeT0iMTQ0LjgyOSIgcj0iOTguOTMyIi8+DQo8cGF0aCBkPSJNMjU2LDBjLTc5LjU3OCwwLTE0NC4zMiw2NC43NDEtMTQ0LjMyLDE0NC4zMlYzNjcuNjhDMTExLjY4LDQ0Ny4yNTksMTc2LjQyMiw1MTIsMjU2LDUxMnMxNDQuMzItNjQuNzQxLDE0NC4zMi0xNDQuMzINCglWMTQ0LjMyQzQwMC4zMiw2NC43NDEsMzM1LjU3OCwwLDI1NiwweiBNMzE1LjMwMSwyODcuNjE4bDY0LjYyLTY0LjYydjEyOS4yNDFMMzE1LjMwMSwyODcuNjE4eiBNMTMyLjA3OSwxNDQuMzINCgljMC02OC4zMzEsNTUuNTkxLTEyMy45MjEsMTIzLjkyMS0xMjMuOTIxUzM3OS45MjEsNzUuOTg5LDM3OS45MjEsMTQ0LjMydjQ5LjgyOEwxNDcuMTY5LDQyNi45DQoJYy05LjYxOC0xNy42MDUtMTUuMDkxLTM3Ljc4NS0xNS4wOTEtNTkuMjJWMTQ0LjMyeiBNMjU2LDQ5MS42MDJjLTM5LjQ0MywwLTc0LjY0MS0xOC41MjUtOTcuMzUyLTQ3LjMzbDE0Mi4yMjktMTQyLjIyOQ0KCWw3OC4zOTIsNzguMzkyQzM3Mi44NjMsNDQyLjc5NSwzMjAuMDI0LDQ5MS42MDIsMjU2LDQ5MS42MDJ6Ii8+DQo8cGF0aCBkPSJNMjU2LDI1My45NmM2MC4xNzUsMCwxMDkuMTMxLTQ4Ljk1NiwxMDkuMTMxLTEwOS4xMzFTMzE2LjE3NSwzNS42OTcsMjU2LDM1LjY5N1MxNDYuODY5LDg0LjY1MywxNDYuODY5LDE0NC44MjkNCglTMTk1LjgyNSwyNTMuOTYsMjU2LDI1My45NnogTTI1Niw1Ni4wOTZjNDguOTI4LDAsODguNzMzLDM5LjgwNSw4OC43MzMsODguNzMzUzMwNC45MjgsMjMzLjU2MiwyNTYsMjMzLjU2Mg0KCXMtODguNzMzLTM5LjgwNS04OC43MzMtODguNzMzUzIwNy4wNzIsNTYuMDk2LDI1Niw1Ni4wOTZ6Ii8+DQo8cGF0aCBkPSJNMjI0Ljg5MiwxMzAuNTVjNi4xODYsMCwxMS4yMTktNS4wMzMsMTEuMjE5LTExLjIxOXMtNS4wMzMtMTEuMjE5LTExLjIxOS0xMS4yMTlzLTExLjIxOSw1LjAzMy0xMS4yMTksMTEuMjE5DQoJUzIxOC43MDcsMTMwLjU1LDIyNC44OTIsMTMwLjU1eiIvPg0KPHBhdGggZD0iTTI4Ny4xMDgsMTMwLjU1YzYuMTg2LDAsMTEuMjE5LTUuMDMzLDExLjIxOS0xMS4yMTlzLTUuMDMzLTExLjIxOS0xMS4yMTktMTEuMjE5cy0xMS4yMTksNS4wMzMtMTEuMjE5LDExLjIxOQ0KCVMyODAuOTIyLDEzMC41NSwyODcuMTA4LDEzMC41NXoiLz4NCjxwYXRoIGQ9Ik0yNjAuNjEsNDU4Ljg1NGMtMS41MywwLjA3Mi0zLjA4LDAuMTEtNC42MSwwLjExYy01LjYzMywwLTEwLjE5OSw0LjU2Ni0xMC4xOTksMTAuMTk5czQuNTY2LDEwLjE5OSwxMC4xOTksMTAuMTk5DQoJYzEuODU0LDAsMy43MzUtMC4wNDUsNS41ODktMC4xMzVjNS42MjYtMC4yNyw5Ljk2OC01LjA1MSw5LjY5Ny0xMC42NzdDMjcxLjAxNyw0NjIuOTI2LDI2Ni4yNDksNDU4LjU4MSwyNjAuNjEsNDU4Ljg1NHoiLz4NCjxwYXRoIGQ9Ik0zNDUuNzQsNDE5LjA1OGMtNC41MTItMy4zNzItMTAuOTAzLTIuNDQ5LTE0LjI3NiwyLjA2M2MtMTEuNDY5LDE1LjM0NC0yNy4wNjMsMjYuNjk5LTQ1LjA5NiwzMi44NDENCgljLTUuMzMyLDEuODE2LTguMTgzLDcuNjExLTYuMzY3LDEyLjk0M2MxLjQ0NSw0LjI0Myw1LjQwOSw2LjkxNCw5LjY1NCw2LjkxNGMxLjA5LDAsMi4xOTktMC4xNzYsMy4yODktMC41NDgNCgljMjEuOTQ2LTcuNDc0LDQwLjkxNi0yMS4yODUsNTQuODU4LTM5LjkzOUMzNTEuMTc2LDQyOC44MiwzNTAuMjUyLDQyMi40MywzNDUuNzQsNDE5LjA1OHoiLz4NCjxwYXRoIGQ9Ik0yMTUuMzU2LDE4MS45MDhjLTEuNjg0LDUuMzc2LDEuMzA5LDExLjA5OCw2LjY4NSwxMi43ODJjMTEuMTU1LDMuNDk0LDIyLjY0OSw1LjI0MSwzNC4xNiw1LjI0MQ0KCWMxMS4zMTksMCwyMi42NTUtMS42OSwzMy42OTYtNS4wN2M1LjM4Ni0xLjY0OSw4LjQxNS03LjM1Myw2Ljc2Ni0xMi43MzljLTEuNjQ5LTUuMzg2LTcuMzUyLTguNDEzLTEyLjczOS02Ljc2Ng0KCWMtMTguMzE2LDUuNjA5LTM3LjYwNyw1LjU2My01NS43ODctMC4xMzJDMjIyLjc2MywxNzMuNTQxLDIxNy4wNCwxNzYuNTMzLDIxNS4zNTYsMTgxLjkwOHoiLz4NCjxnPg0KPC9nPg0KPGc+DQo8L2c+DQo8Zz4NCjwvZz4NCjxnPg0KPC9nPg0KPGc+DQo8L2c+DQo8Zz4NCjwvZz4NCjxnPg0KPC9nPg0KPGc+DQo8L2c+DQo8Zz4NCjwvZz4NCjxnPg0KPC9nPg0KPGc+DQo8L2c+DQo8Zz4NCjwvZz4NCjxnPg0KPC9nPg0KPGc+DQo8L2c+DQo8Zz4NCjwvZz4NCjwvc3ZnPg0K",
}
`;

exports[`throw error for non-existing file 1`] = `
"cannot resolve a node with !<tag:yaml.org,2002:data> explicit tag at line 2, column 47:
     ... !data \\"fixtures/nonExistant.png\\"
                                         ^"
`;
